A51 MACRO ASSEMBLER  STARTUP                                                              07/27/2009 13:39:49 PAGE     1


MACRO ASSEMBLER A51 V7.10
OBJECT MODULE PLACED IN StartUp.OBJ
ASSEMBLER INVOKED BY: D:\Work\Keil51\C51\BIN\A51.EXE StartUp.a51 SET(SMALL) DEBUG XREF EP

LOC  OBJ            LINE     SOURCE

                       1     ;--------------------------------------------------------------------------------;
                       2     ;                                                                                ;
                       3     ;               Код, выполнемый сразу после сброса процессора.                  ;
                       4     ;                                                                                ;
                       5     ;--------------------------------------------------------------------------------;
                       6     
                       7                     NAME    ?C_STARTUP
                       8     
                       9     ?C_C51STARTUP   SEGMENT   CODE
                      10     ?STACK          SEGMENT   IDATA
                      11     
----                  12                     RSEG    ?STACK
0000                  13                     DS      1
                      14     
                      15                     EXTRN CODE (?C_START)
                      16                     PUBLIC  ?C_STARTUP
                      17     
----                  18                     CSEG    AT      0
0000 020000   F       19     ?C_STARTUP:     LJMP    STARTUP1
                      20     
----                  21                     RSEG    ?C_C51STARTUP
                      22     
0000                  23     STARTUP1:
0000 758100   F       24                     MOV     SP,#?STACK-1
0003 020000   F       25                     LJMP    ?C_START
                      26     
                      27                     END
                             
A51 MACRO ASSEMBLER  STARTUP                                                              07/27/2009 13:39:49 PAGE     2

XREF SYMBOL TABLE LISTING
---- ------ ----- -------


N A M E             T Y P E  V A L U E   ATTRIBUTES / REFERENCES

?C_C51STARTUP. . .  C SEG    0006H       REL=UNIT   9# 21
?C_START . . . . .  C ADDR   -----       EXT   15# 25
?C_STARTUP . . . .  C ADDR   0000H   A      7 16 19#
?STACK . . . . . .  I SEG    0001H       REL=UNIT   10# 12 24
SP . . . . . . . .  D ADDR   0081H   A      24
STARTUP1 . . . . .  C ADDR   0000H   R   SEG=?C_C51STARTUP   19 23#


REGISTER BANK(S) USED: 0 


ASSEMBLY COMPLETE.  0 WARNING(S), 0 ERROR(S)
