Archive member included because of file (symbol)

d:/avrsysv1/winavr/bin/../lib/gcc/avr/4.3.2/avr5\libgcc.a(_udivmodsi4.o)
                              meas_xy.o (__udivmodsi4)
d:/avrsysv1/winavr/bin/../lib/gcc/avr/4.3.2/avr5\libgcc.a(_exit.o)
                              d:/avrsysv1/winavr/bin/../lib/gcc/avr/4.3.2/../../../../avr/lib/avr5/crtm168p.o (exit)
d:/avrsysv1/winavr/bin/../lib/gcc/avr/4.3.2/avr5\libgcc.a(_clear_bss.o)
                              meas_xy.o (__do_clear_bss)

Allocating common symbols
Common symbol       size              file

n2                  0x2               meas_xy.o
s1                  0x4               meas_xy.o
i                   0x1               meas_xy.o
Buff                0xc8              meas_xy.o
n1                  0x2               meas_xy.o
n4                  0x2               meas_xy.o
s4                  0x4               meas_xy.o
s2                  0x4               meas_xy.o
Z                   0x8               meas_xy.o
one                 0x8               meas_xy.o
n3                  0x2               meas_xy.o
s3                  0x4               meas_xy.o

Memory Configuration

Name             Origin             Length             Attributes
text             0x00000000         0x00020000         xr
data             0x00800060         0x0000ffa0         rw !x
eeprom           0x00810000         0x00010000         rw !x
fuse             0x00820000         0x00000400         rw !x
lock             0x00830000         0x00000400         rw !x
signature        0x00840000         0x00000400         rw !x
*default*        0x00000000         0xffffffff

Linker script and memory map

Address of section .data set to 0x800100
LOAD d:/avrsysv1/winavr/bin/../lib/gcc/avr/4.3.2/../../../../avr/lib/avr5/crtm168p.o
LOAD meas_xy.o
LOAD d:/avrsysv1/winavr/bin/../lib/gcc/avr/4.3.2/avr5\libgcc.a
LOAD d:/avrsysv1/winavr/bin/../lib/gcc/avr/4.3.2/../../../../avr/lib/avr5\libc.a
LOAD d:/avrsysv1/winavr/bin/../lib/gcc/avr/4.3.2/avr5\libgcc.a

.hash
 *(.hash)

.dynsym
 *(.dynsym)

.dynstr
 *(.dynstr)

.gnu.version
 *(.gnu.version)

.gnu.version_d
 *(.gnu.version_d)

.gnu.version_r
 *(.gnu.version_r)

.rel.init
 *(.rel.init)

.rela.init
 *(.rela.init)

.rel.text
 *(.rel.text)
 *(.rel.text.*)
 *(.rel.gnu.linkonce.t*)

.rela.text
 *(.rela.text)
 *(.rela.text.*)
 *(.rela.gnu.linkonce.t*)

.rel.fini
 *(.rel.fini)

.rela.fini
 *(.rela.fini)

.rel.rodata
 *(.rel.rodata)
 *(.rel.rodata.*)
 *(.rel.gnu.linkonce.r*)

.rela.rodata
 *(.rela.rodata)
 *(.rela.rodata.*)
 *(.rela.gnu.linkonce.r*)

.rel.data
 *(.rel.data)
 *(.rel.data.*)
 *(.rel.gnu.linkonce.d*)

.rela.data
 *(.rela.data)
 *(.rela.data.*)
 *(.rela.gnu.linkonce.d*)

.rel.ctors
 *(.rel.ctors)

.rela.ctors
 *(.rela.ctors)

.rel.dtors
 *(.rel.dtors)

.rela.dtors
 *(.rela.dtors)

.rel.got
 *(.rel.got)

.rela.got
 *(.rela.got)

.rel.bss
 *(.rel.bss)

.rela.bss
 *(.rela.bss)

.rel.plt
 *(.rel.plt)

.rela.plt
 *(.rela.plt)

.text           0x00000000      0x58c
 *(.vectors)
 .vectors       0x00000000       0x68 d:/avrsysv1/winavr/bin/../lib/gcc/avr/4.3.2/../../../../avr/lib/avr5/crtm168p.o
                0x00000000                __vectors
                0x00000000                __vector_default
 *(.vectors)
 *(.progmem.gcc*)
 *(.progmem*)
                0x00000068                . = ALIGN (0x2)
                0x00000068                __trampolines_start = .
 *(.trampolines)
 .trampolines   0x00000068        0x0 linker stubs
 *(.trampolines*)
                0x00000068                __trampolines_end = .
 *(.jumptables)
 *(.jumptables*)
 *(.lowtext)
 *(.lowtext*)
                0x00000068                __ctors_start = .
 *(.ctors)
                0x00000068                __ctors_end = .
                0x00000068                __dtors_start = .
 *(.dtors)
                0x00000068                __dtors_end = .
 SORT(*)(.ctors)
 SORT(*)(.dtors)
 *(.init0)
 .init0         0x00000068        0x0 d:/avrsysv1/winavr/bin/../lib/gcc/avr/4.3.2/../../../../avr/lib/avr5/crtm168p.o
                0x00000068                __init
 *(.init0)
 *(.init1)
 *(.init1)
 *(.init2)
 .init2         0x00000068        0xc d:/avrsysv1/winavr/bin/../lib/gcc/avr/4.3.2/../../../../avr/lib/avr5/crtm168p.o
 *(.init2)
 *(.init3)
 *(.init3)
 *(.init4)
 .init4         0x00000074       0x10 d:/avrsysv1/winavr/bin/../lib/gcc/avr/4.3.2/avr5\libgcc.a(_clear_bss.o)
                0x00000074                __do_clear_bss
 *(.init4)
 *(.init5)
 *(.init5)
 *(.init6)
 *(.init6)
 *(.init7)
 *(.init7)
 *(.init8)
 *(.init8)
 *(.init9)
 .init9         0x00000084        0x8 d:/avrsysv1/winavr/bin/../lib/gcc/avr/4.3.2/../../../../avr/lib/avr5/crtm168p.o
 *(.init9)
 *(.text)
 .text          0x0000008c        0x4 d:/avrsysv1/winavr/bin/../lib/gcc/avr/4.3.2/../../../../avr/lib/avr5/crtm168p.o
                0x0000008c                __vector_22
                0x0000008c                __vector_1
                0x0000008c                __vector_24
                0x0000008c                __vector_12
                0x0000008c                __bad_interrupt
                0x0000008c                __vector_6
                0x0000008c                __vector_3
                0x0000008c                __vector_23
                0x0000008c                __vector_25
                0x0000008c                __vector_11
                0x0000008c                __vector_13
                0x0000008c                __vector_17
                0x0000008c                __vector_19
                0x0000008c                __vector_7
                0x0000008c                __vector_5
                0x0000008c                __vector_4
                0x0000008c                __vector_9
                0x0000008c                __vector_2
                0x0000008c                __vector_21
                0x0000008c                __vector_15
                0x0000008c                __vector_8
                0x0000008c                __vector_14
                0x0000008c                __vector_10
                0x0000008c                __vector_16
                0x0000008c                __vector_18
                0x0000008c                __vector_20
 .text          0x00000090      0x4b4 meas_xy.o
                0x00000152                Tx_means
                0x00000534                Tx_byte
                0x00000090                meas_xy
                0x000001fe                main
 .text          0x00000544        0x0 d:/avrsysv1/winavr/bin/../lib/gcc/avr/4.3.2/avr5\libgcc.a(_udivmodsi4.o)
 .text          0x00000544        0x0 d:/avrsysv1/winavr/bin/../lib/gcc/avr/4.3.2/avr5\libgcc.a(_exit.o)
 .text          0x00000544        0x0 d:/avrsysv1/winavr/bin/../lib/gcc/avr/4.3.2/avr5\libgcc.a(_clear_bss.o)
                0x00000544                . = ALIGN (0x2)
 *(.text.*)
 .text.libgcc   0x00000544       0x44 d:/avrsysv1/winavr/bin/../lib/gcc/avr/4.3.2/avr5\libgcc.a(_udivmodsi4.o)
                0x00000544                __udivmodsi4
 .text.libgcc   0x00000588        0x0 d:/avrsysv1/winavr/bin/../lib/gcc/avr/4.3.2/avr5\libgcc.a(_exit.o)
 .text.libgcc   0x00000588        0x0 d:/avrsysv1/winavr/bin/../lib/gcc/avr/4.3.2/avr5\libgcc.a(_clear_bss.o)
                0x00000588                . = ALIGN (0x2)
 *(.fini9)
 .fini9         0x00000588        0x0 d:/avrsysv1/winavr/bin/../lib/gcc/avr/4.3.2/avr5\libgcc.a(_exit.o)
                0x00000588                exit
                0x00000588                _exit
 *(.fini9)
 *(.fini8)
 *(.fini8)
 *(.fini7)
 *(.fini7)
 *(.fini6)
 *(.fini6)
 *(.fini5)
 *(.fini5)
 *(.fini4)
 *(.fini4)
 *(.fini3)
 *(.fini3)
 *(.fini2)
 *(.fini2)
 *(.fini1)
 *(.fini1)
 *(.fini0)
 .fini0         0x00000588        0x4 d:/avrsysv1/winavr/bin/../lib/gcc/avr/4.3.2/avr5\libgcc.a(_exit.o)
 *(.fini0)
                0x0000058c                _etext = .

.data           0x00800100        0x0 load address 0x0000058c
                0x00800100                PROVIDE (__data_start, .)
 *(.data)
 .data          0x00800100        0x0 d:/avrsysv1/winavr/bin/../lib/gcc/avr/4.3.2/../../../../avr/lib/avr5/crtm168p.o
 .data          0x00800100        0x0 meas_xy.o
 .data          0x00800100        0x0 d:/avrsysv1/winavr/bin/../lib/gcc/avr/4.3.2/avr5\libgcc.a(_udivmodsi4.o)
 .data          0x00800100        0x0 d:/avrsysv1/winavr/bin/../lib/gcc/avr/4.3.2/avr5\libgcc.a(_exit.o)
 .data          0x00800100        0x0 d:/avrsysv1/winavr/bin/../lib/gcc/avr/4.3.2/avr5\libgcc.a(_clear_bss.o)
 *(.data*)
 *(.rodata)
 *(.rodata*)
 *(.gnu.linkonce.d*)
                0x00800100                . = ALIGN (0x2)
                0x00800100                _edata = .
                0x00800100                PROVIDE (__data_end, .)

.bss            0x00800100       0xf1
                0x00800100                PROVIDE (__bss_start, .)
 *(.bss)
 .bss           0x00800100        0x0 d:/avrsysv1/winavr/bin/../lib/gcc/avr/4.3.2/../../../../avr/lib/avr5/crtm168p.o
 .bss           0x00800100        0x0 meas_xy.o
 .bss           0x00800100        0x0 d:/avrsysv1/winavr/bin/../lib/gcc/avr/4.3.2/avr5\libgcc.a(_udivmodsi4.o)
 .bss           0x00800100        0x0 d:/avrsysv1/winavr/bin/../lib/gcc/avr/4.3.2/avr5\libgcc.a(_exit.o)
 .bss           0x00800100        0x0 d:/avrsysv1/winavr/bin/../lib/gcc/avr/4.3.2/avr5\libgcc.a(_clear_bss.o)
 *(.bss*)
 *(COMMON)
 COMMON         0x00800100       0xf1 meas_xy.o
                0x00800100                n2
                0x00800102                s1
                0x00800106                i
                0x00800107                Buff
                0x008001cf                n1
                0x008001d1                n4
                0x008001d3                s4
                0x008001d7                s2
                0x008001db                Z
                0x008001e3                one
                0x008001eb                n3
                0x008001ed                s3
                0x008001f1                PROVIDE (__bss_end, .)
                0x0000058c                __data_load_start = LOADADDR (.data)
                0x0000058c                __data_load_end = (__data_load_start + SIZEOF (.data))

.noinit         0x008001f1        0x0
                0x008001f1                PROVIDE (__noinit_start, .)
 *(.noinit*)
                0x008001f1                PROVIDE (__noinit_end, .)
                0x008001f1                _end = .
                0x008001f1                PROVIDE (__heap_start, .)

.eeprom         0x00810000        0x0
 *(.eeprom*)
                0x00810000                __eeprom_end = .

.fuse
 *(.fuse)
 *(.lfuse)
 *(.hfuse)
 *(.efuse)

.lock
 *(.lock*)

.signature
 *(.signature*)

.stab
 *(.stab)

.stabstr
 *(.stabstr)

.stab.excl
 *(.stab.excl)

.stab.exclstr
 *(.stab.exclstr)

.stab.index
 *(.stab.index)

.stab.indexstr
 *(.stab.indexstr)

.comment
 *(.comment)

.debug
 *(.debug)

.line
 *(.line)

.debug_srcinfo
 *(.debug_srcinfo)

.debug_sfnames
 *(.debug_sfnames)

.debug_aranges  0x00000000       0x20
 *(.debug_aranges)
 .debug_aranges
                0x00000000       0x20 meas_xy.o

.debug_pubnames
                0x00000000       0x95
 *(.debug_pubnames)
 .debug_pubnames
                0x00000000       0x95 meas_xy.o

.debug_info     0x00000000      0x346
 *(.debug_info)
 .debug_info    0x00000000      0x346 meas_xy.o
 *(.gnu.linkonce.wi.*)

.debug_abbrev   0x00000000      0x15f
 *(.debug_abbrev)
 .debug_abbrev  0x00000000      0x15f meas_xy.o

.debug_line     0x00000000      0x462
 *(.debug_line)
 .debug_line    0x00000000      0x462 meas_xy.o

.debug_frame    0x00000000       0x50
 *(.debug_frame)
 .debug_frame   0x00000000       0x50 meas_xy.o

.debug_str      0x00000000       0xb4
 *(.debug_str)
 .debug_str     0x00000000       0xb4 meas_xy.o
                                 0xed (size before relaxing)

.debug_loc      0x00000000       0x89
 *(.debug_loc)
 .debug_loc     0x00000000       0x89 meas_xy.o

.debug_macinfo
 *(.debug_macinfo)
OUTPUT(meas_xy.elf elf32-avr)
LOAD linker stubs

.debug_ranges   0x00000000       0x18
 .debug_ranges  0x00000000       0x18 meas_xy.o
